
> ai-testmastery@0.0.0 build
> vite build

[36mvite v6.4.1 [32mbuilding for production...[36m[39m
transforming...
[32m✓[39m 2118 modules transformed.
rendering chunks...
computing gzip size...
[2mdist/[22m[32mindex.html                 [39m[1m[2m  1.72 kB[22m[1m[22m[2m │ gzip:   0.78 kB[22m
[2mdist/[22m[35massets/index-kb3gNPEX.css  [39m[1m[2m 39.93 kB[22m[1m[22m[2m │ gzip:   6.78 kB[22m
[2mdist/[22m[36massets/index-B9Hu2-j6.js   [39m[1m[33m751.88 kB[39m[22m[2m │ gzip: 204.97 kB[22m
[33m
(!) Some chunks are larger than 500 kB after minification. Consider:
- Using dynamic import() to code-split the application
- Use build.rollupOptions.output.manualChunks to improve chunking: https://rollupjs.org/configuration-options/#output-manualchunks
- Adjust chunk size limit for this warning via build.chunkSizeWarningLimit.[39m
[32m✓ built in 5.76s[39m
