pages/Playground.tsx(38,10): error TS2339: Property 'setState' does not exist on type 'ErrorBoundary'.
pages/Playground.tsx(78,17): error TS2339: Property 'props' does not exist on type 'ErrorBoundary'.
